// Jest Snapshot v1, https://goo.gl/fbAQLP

exports[`ResolverComponent matches snapshot 1`] = `
<Provider
  store={
    Object {
      "clearActions": [Function],
      "dispatch": [Function],
      "getActions": [Function],
      "getState": [Function],
      "replaceReducer": [Function],
      "subscribe": [Function],
    }
  }
>
  <Connect(ResolverComponent)>
    <ResolverComponent
      currentLanguageCode="en"
      dispatch={[Function]}
      strings={
        Object {
          "resolver": "resolver",
        }
      }
    >
      <div>
        <h1>
          resolver
        </h1>
      </div>
    </ResolverComponent>
  </Connect(ResolverComponent)>
</Provider>
`;
